// Jest Snapshot v1, https://goo.gl/fbAQLP

exports[`render 1`] = `
<div
  id="__next"
>
  <div
    autocorrect="off"
    contenteditable="true"
    data-gramm="true"
    role="textbox"
    spellcheck="false"
    tabindex="0"
  >
    <div>
      <div>
        ·ab·
      </div>
    </div>
  </div>
</div>
`;
